[INFO] Scanning for projects...
[INFO] 
[INFO] -----------------< com.studyroom:study-room-platform >------------------
[INFO] Building study-room-platform 1.0.0
[INFO]   from pom.xml
[INFO] --------------------------------[ jar ]---------------------------------
[INFO] 
[INFO] --- clean:3.3.2:clean (default-clean) @ study-room-platform ---
[INFO] Deleting C:\Users\Radhika\Downloads\StudySync\target
[INFO] 
[INFO] --- resources:3.3.1:resources (default-resources) @ study-room-platform ---
[INFO] Copying 1 resource from src\main\resources to target\classes
[INFO] Copying 0 resource from src\main\resources to target\classes
[INFO] 
[INFO] --- compiler:3.13.0:compile (default-compile) @ study-room-platform ---
[INFO] Recompiling the module because of changed source code.
[INFO] Compiling 81 source files with javac [debug parameters release 21] to target\classes
[INFO] Annotation processing is enabled because one or more processors were found
  on the class path. A future release of javac may disable annotation processing
  unless at least one processor is specified by name (-processor), or a search
  path is specified (--processor-path, --processor-module-path), or annotation
  processing is enabled explicitly (-proc:only, -proc:full).
  Use -Xlint:-options to suppress this message.
  Use -proc:none to disable annotation processing.
[WARNING] /C:/Users/Radhika/Downloads/StudySync/src/main/java/com/studyroom/backend/dto/response/AuthResponse.java:[9,20] @Builder will ignore the initializing expression entirely. If you want the initializing expression to serve as default, add @Builder.Default. If it is not supposed to be settable during building, make the field final.
[WARNING] /C:/Users/Radhika/Downloads/StudySync/src/main/java/com/studyroom/backend/entity/Notification.java:[31,21] @Builder will ignore the initializing expression entirely. If you want the initializing expression to serve as default, add @Builder.Default. If it is not supposed to be settable during building, make the field final.
[WARNING] /C:/Users/Radhika/Downloads/StudySync/src/main/java/com/studyroom/backend/entity/User.java:[43,21] @Builder will ignore the initializing expression entirely. If you want the initializing expression to serve as default, add @Builder.Default. If it is not supposed to be settable during building, make the field final.
[WARNING] /C:/Users/Radhika/Downloads/StudySync/src/main/java/com/studyroom/backend/entity/User.java:[45,21] @Builder will ignore the initializing expression entirely. If you want the initializing expression to serve as default, add @Builder.Default. If it is not supposed to be settable during building, make the field final.
[WARNING] /C:/Users/Radhika/Downloads/StudySync/src/main/java/com/studyroom/backend/entity/User.java:[48,17] @Builder will ignore the initializing expression entirely. If you want the initializing expression to serve as default, add @Builder.Default. If it is not supposed to be settable during building, make the field final.
[WARNING] /C:/Users/Radhika/Downloads/StudySync/src/main/java/com/studyroom/backend/entity/User.java:[49,17] @Builder will ignore the initializing expression entirely. If you want the initializing expression to serve as default, add @Builder.Default. If it is not supposed to be settable during building, make the field final.
[WARNING] /C:/Users/Radhika/Downloads/StudySync/src/main/java/com/studyroom/backend/entity/User.java:[50,17] @Builder will ignore the initializing expression entirely. If you want the initializing expression to serve as default, add @Builder.Default. If it is not supposed to be settable during building, make the field final.
[WARNING] /C:/Users/Radhika/Downloads/StudySync/src/main/java/com/studyroom/backend/entity/User.java:[51,17] @Builder will ignore the initializing expression entirely. If you want the initializing expression to serve as default, add @Builder.Default. If it is not supposed to be settable during building, make the field final.
[WARNING] /C:/Users/Radhika/Downloads/StudySync/src/main/java/com/studyroom/backend/entity/User.java:[55,18] @Builder will ignore the initializing expression entirely. If you want the initializing expression to serve as default, add @Builder.Default. If it is not supposed to be settable during building, make the field final.
[WARNING] /C:/Users/Radhika/Downloads/StudySync/src/main/java/com/studyroom/backend/entity/User.java:[56,17] @Builder will ignore the initializing expression entirely. If you want the initializing expression to serve as default, add @Builder.Default. If it is not supposed to be settable during building, make the field final.
[WARNING] /C:/Users/Radhika/Downloads/StudySync/src/main/java/com/studyroom/backend/entity/StudyRoom.java:[44,17] @Builder will ignore the initializing expression entirely. If you want the initializing expression to serve as default, add @Builder.Default. If it is not supposed to be settable during building, make the field final.
[WARNING] /C:/Users/Radhika/Downloads/StudySync/src/main/java/com/studyroom/backend/entity/StudyRoom.java:[46,21] @Builder will ignore the initializing expression entirely. If you want the initializing expression to serve as default, add @Builder.Default. If it is not supposed to be settable during building, make the field final.
[WARNING] /C:/Users/Radhika/Downloads/StudySync/src/main/java/com/studyroom/backend/entity/ChatMessage.java:[32,21] @Builder will ignore the initializing expression entirely. If you want the initializing expression to serve as default, add @Builder.Default. If it is not supposed to be settable during building, make the field final.
[WARNING] /C:/Users/Radhika/Downloads/StudySync/src/main/java/com/studyroom/backend/entity/Task.java:[36,21] @Builder will ignore the initializing expression entirely. If you want the initializing expression to serve as default, add @Builder.Default. If it is not supposed to be settable during building, make the field final.
[WARNING] /C:/Users/Radhika/Downloads/StudySync/src/main/java/com/studyroom/backend/entity/StudySession.java:[29,18] @Builder will ignore the initializing expression entirely. If you want the initializing expression to serve as default, add @Builder.Default. If it is not supposed to be settable during building, make the field final.
[WARNING] /C:/Users/Radhika/Downloads/StudySync/src/main/java/com/studyroom/backend/entity/StudySession.java:[46,17] @Builder will ignore the initializing expression entirely. If you want the initializing expression to serve as default, add @Builder.Default. If it is not supposed to be settable during building, make the field final.
[INFO] ------------------------------------------------------------------------
[INFO] BUILD SUCCESS
[INFO] ------------------------------------------------------------------------
[INFO] Total time:  31.963 s
[INFO] Finished at: 2026-05-30T20:24:57+05:30
[INFO] ------------------------------------------------------------------------
